Vivado Simulator v2023.1
Copyright 1986-2022 Xilinx, Inc. All Rights Reserved.
Copyright 2022-2023 Advanced Micro Devices, Inc. All Rights Reserved.
Running: /home/legion/RISCV/Xilinx_2023/Vivado/2023.1/bin/unwrapped/lnx64.o/xelab --incr --debug typical --relax --mt 8 -L xil_defaultlib -L unisims_ver -L unimacro_ver -L secureip --snapshot tb_mips_top_behav xil_defaultlib.tb_mips_top xil_defaultlib.glbl -log elaborate.log 
Using 8 slave threads.
Starting static elaboration
Pass Through NonSizing Optimizer
Completed static elaboration
Starting simulation data flow analysis
Completed simulation data flow analysis
Time Resolution for simulation is 1ps
Compiling module xil_defaultlib.main_decoder
Compiling module xil_defaultlib.alu_decoder
Compiling module xil_defaultlib.control_unit
Compiling module xil_defaultlib.Branch_Logic
Compiling module xil_defaultlib.mux2
Compiling module xil_defaultlib.pc_reg
Compiling module xil_defaultlib.adder
Compiling module xil_defaultlib.imem
Compiling module xil_defaultlib.mux2(WIDTH=5)
Compiling module xil_defaultlib.regfile
Compiling module xil_defaultlib.sign_extend
Compiling module xil_defaultlib.alu
Compiling module xil_defaultlib.dmem
Compiling module xil_defaultlib.mips_top
Compiling module xil_defaultlib.tb_mips_top
Compiling module xil_defaultlib.glbl
Built simulation snapshot tb_mips_top_behav
